// Jest Snapshot v1, https://goo.gl/fbAQLP

exports[`Sign Form renders correctly 1`] = `
<View
  style={
    Object {
      "flex": 1,
      "justifyContent": "center",
      "margin": 10,
    }
  }
>
  <Text
    accessible={true}
    allowFontScaling={true}
    ellipsizeMode="tail"
    style={
      Object {
        "alignSelf": "center",
      }
    }
  >
    S'enregistrer
  </Text>
  <View>
    <TextInput
      allowFontScaling={true}
      onChangeText={[Function]}
      placeholder="Email"
      style={
        Object {
          "borderColor": "grey",
          "borderWidth": 1,
          "height": 40,
          "marginTop": 10,
        }
      }
      value=""
    />
    <TextInput
      allowFontScaling={true}
      onChangeText={[Function]}
      placeholder="Password"
      secureTextEntry={true}
      style={
        Object {
          "borderColor": "grey",
          "borderWidth": 1,
          "height": 40,
          "marginTop": 10,
        }
      }
      value=""
    />
  </View>
  <Text
    accessible={true}
    allowFontScaling={true}
    ellipsizeMode="tail"
  />
  <View
    accessibilityComponentType={undefined}
    accessibilityLabel={undefined}
    accessibilityTraits={undefined}
    accessible={true}
    collapsable={undefined}
    hitSlop={undefined}
    isTVSelectable={true}
    nativeID={undefined}
    onLayout={undefined}
    onResponderGrant={[Function]}
    onResponderMove={[Function]}
    onResponderRelease={[Function]}
    onResponderTerminate={[Function]}
    onResponderTerminationRequest={[Function]}
    onStartShouldSetResponder={[Function]}
    style={
      Object {
        "alignSelf": "center",
        "backgroundColor": "#000",
        "borderRadius": 5,
        "opacity": 1,
        "paddingBottom": 10,
        "paddingLeft": 6,
        "paddingRight": 6,
        "paddingTop": 10,
      }
    }
    testID={undefined}
    tvParallaxProperties={undefined}
  >
    <Text
      accessible={true}
      allowFontScaling={true}
      ellipsizeMode="tail"
      style={
        Object {
          "color": "#FFF",
        }
      }
    >
      S'inscrire
    </Text>
  </View>
</View>
`;
